Error in /Users/brandonyi/Documents/School/CS179E/instruction_selection/tester/Phase4Tester/./Output/Tests/Factorial.opt.compiler.out line 10 column 1: "li": Too many or incorrectly formatted operands. Expected: li $t1,-100
Error in /Users/brandonyi/Documents/School/CS179E/instruction_selection/tester/Phase4Tester/./Output/Tests/Factorial.opt.compiler.out line 20 column 1: "la": Too few or incorrectly formatted operands. Expected: la $t1,($t2)
Error in /Users/brandonyi/Documents/School/CS179E/instruction_selection/tester/Phase4Tester/./Output/Tests/Factorial.opt.compiler.out line 2 column 1: Symbol "empty_Fac" not found in symbol table.

Processing terminated due to errors.
