Error in /Users/brandonyi/Documents/School/CS179E/instruction_selection/tester/Phase4Tester/./Output/Tests/Factorial.compiler.out line 32 column 1: "la": Too few or incorrectly formatted operands. Expected: la $t1,($t2)
Error in /Users/brandonyi/Documents/School/CS179E/instruction_selection/tester/Phase4Tester/./Output/Tests/Factorial.compiler.out line 2 column 1: Symbol "vmt_Fac" not found in symbol table.

Processing terminated due to errors.
