.data
empty_Fac

.text
jal Main
li $v0 10
syscall

Main:
li $a0 :empty_Fac
li $a1 10

move $t0 $v0
move $a0 $t0
jal _print



Fac.ComputeFac:
la $t9 $s0
sw $t9 0($sp)
move $t0 $a0
move $s0 $a1
slti $t1 $s0 1
beqz $t1 if1_else
li $t1 1
j if1_end
if1_else:
subu $t2 $s0 1
move $a0 $t0
move $a1 $t2

move $t2 $v0
mul $t1 $s0 $t2
if1_end:
move $v0 $t1
lw $s0 0($sp)




_print:
li $v0 1
syscall
la $a0 _newline
li $v0 4
syscall
jr $ra

_error:
li $v0 4
syscall
li $v0 10
syscall

_heapAlloc:
li $v0 9
syscall
jr $ra

.data
.align 0
_newline: .asciiz "\n"
_str0: .asciiz "null pointer\n"
