Error in /Users/brandonyi/Documents/School/CS179E/instruction_selection/tester/Phase4Tester/./Output/Tests/LinkedList.opt.compiler.out line 16 column 1: "li": Too many or incorrectly formatted operands. Expected: li $t1,-100
Error in /Users/brandonyi/Documents/School/CS179E/instruction_selection/tester/Phase4Tester/./Output/Tests/LinkedList.opt.compiler.out line 297 column 10: "1": operand is of incorrect type
Error in /Users/brandonyi/Documents/School/CS179E/instruction_selection/tester/Phase4Tester/./Output/Tests/LinkedList.opt.compiler.out line 331 column 10: "555": operand is of incorrect type
Error in /Users/brandonyi/Documents/School/CS179E/instruction_selection/tester/Phase4Tester/./Output/Tests/LinkedList.opt.compiler.out line 348 column 10: "555": operand is of incorrect type

Processing terminated due to errors.
