Error in /Users/brandonyi/Documents/School/CS179E/instruction_selection/tester/Phase4Tester/./Output/Tests/MoreThan4.compiler.out line 34: Runtime exception at 0x00400070: store address not aligned on word boundary 0x7fffefe9

Processing terminated due to errors.

