.data
empty_MT4

.text
jal Main
li $v0 10
syscall

Main:
li $a0 :empty_MT4
li $a1 1
li $a2 2
li $a3 3
la $t9 4
sw $t9 0($sp)
la $t9 5
sw $t9 1($sp)
la $t9 6
sw $t9 2($sp)

move $t0 $v0
move $a0 $t0
jal _print



MT4.Start:
move $t0 $a0
move $t1 $a1
move $t2 $a2
move $t3 $a3
lw $t4 0($sp)
lw $t5 1($sp)
lw $t6 2($sp)
move $a0 $t1
jal _print
move $a0 $t2
jal _print
move $a0 $t3
jal _print
move $a0 $t4
jal _print
move $a0 $t5
jal _print
move $a0 $t6
jal _print
move $a0 $t0
move $a1 $t6
move $a2 $t5
move $a3 $t4
la $t9 $t3
sw $t9 0($sp)
la $t9 $t2
sw $t9 1($sp)
la $t9 $t1
sw $t9 2($sp)

move $t6 $v0
move $v0 $t6



MT4.Change:
move $t0 $a1
move $t1 $a2
move $t2 $a3
lw $t3 0($sp)
lw $t4 1($sp)
lw $t5 2($sp)
move $a0 $t0
jal _print
move $a0 $t1
jal _print
move $a0 $t2
jal _print
move $a0 $t3
jal _print
move $a0 $t4
jal _print
move $a0 $t5
jal _print
li $v0 0




_print:
li $v0 1
syscall
la $a0 _newline
li $v0 4
syscall
jr $ra

_error:
li $v0 4
syscall
li $v0 10
syscall

_heapAlloc:
li $v0 9
syscall
jr $ra

.data
.align 0
_newline: .asciiz "\n"
_str0: .asciiz "null pointer\n"
