Error in /Users/brandonyi/Documents/School/CS179E/instruction_selection/tester/Phase4Tester/./Output/Tests/QuickSort.opt.compiler.out line 84 column 1: "(" is not a recognized operator
Error in /Users/brandonyi/Documents/School/CS179E/instruction_selection/tester/Phase4Tester/./Output/Tests/QuickSort.opt.compiler.out line 107 column 1: "(" is not a recognized operator
Error in /Users/brandonyi/Documents/School/CS179E/instruction_selection/tester/Phase4Tester/./Output/Tests/QuickSort.opt.compiler.out line 134 column 1: "(" is not a recognized operator
Error in /Users/brandonyi/Documents/School/CS179E/instruction_selection/tester/Phase4Tester/./Output/Tests/QuickSort.opt.compiler.out line 157 column 1: "(" is not a recognized operator
Error in /Users/brandonyi/Documents/School/CS179E/instruction_selection/tester/Phase4Tester/./Output/Tests/QuickSort.opt.compiler.out line 171 column 1: "(" is not a recognized operator
Error in /Users/brandonyi/Documents/School/CS179E/instruction_selection/tester/Phase4Tester/./Output/Tests/QuickSort.opt.compiler.out line 184 column 1: "(" is not a recognized operator
Error in /Users/brandonyi/Documents/School/CS179E/instruction_selection/tester/Phase4Tester/./Output/Tests/QuickSort.opt.compiler.out line 199 column 1: "(" is not a recognized operator
Error in /Users/brandonyi/Documents/School/CS179E/instruction_selection/tester/Phase4Tester/./Output/Tests/QuickSort.opt.compiler.out line 223 column 1: "(" is not a recognized operator
Error in /Users/brandonyi/Documents/School/CS179E/instruction_selection/tester/Phase4Tester/./Output/Tests/QuickSort.opt.compiler.out line 236 column 1: "(" is not a recognized operator
Error in /Users/brandonyi/Documents/School/CS179E/instruction_selection/tester/Phase4Tester/./Output/Tests/QuickSort.opt.compiler.out line 251 column 1: "(" is not a recognized operator
Error in /Users/brandonyi/Documents/School/CS179E/instruction_selection/tester/Phase4Tester/./Output/Tests/QuickSort.opt.compiler.out line 264 column 1: "(" is not a recognized operator
Error in /Users/brandonyi/Documents/School/CS179E/instruction_selection/tester/Phase4Tester/./Output/Tests/QuickSort.opt.compiler.out line 279 column 1: "(" is not a recognized operator
Error in /Users/brandonyi/Documents/School/CS179E/instruction_selection/tester/Phase4Tester/./Output/Tests/QuickSort.opt.compiler.out line 327 column 1: "(" is not a recognized operator
Error in /Users/brandonyi/Documents/School/CS179E/instruction_selection/tester/Phase4Tester/./Output/Tests/QuickSort.opt.compiler.out line 366 column 1: "(" is not a recognized operator
Error in /Users/brandonyi/Documents/School/CS179E/instruction_selection/tester/Phase4Tester/./Output/Tests/QuickSort.opt.compiler.out line 371 column 9: "0": operand is of incorrect type
Error in /Users/brandonyi/Documents/School/CS179E/instruction_selection/tester/Phase4Tester/./Output/Tests/QuickSort.opt.compiler.out line 381 column 1: "(" is not a recognized operator
Error in /Users/brandonyi/Documents/School/CS179E/instruction_selection/tester/Phase4Tester/./Output/Tests/QuickSort.opt.compiler.out line 386 column 9: "1": operand is of incorrect type
Error in /Users/brandonyi/Documents/School/CS179E/instruction_selection/tester/Phase4Tester/./Output/Tests/QuickSort.opt.compiler.out line 396 column 1: "(" is not a recognized operator
Error in /Users/brandonyi/Documents/School/CS179E/instruction_selection/tester/Phase4Tester/./Output/Tests/QuickSort.opt.compiler.out line 401 column 9: "2": operand is of incorrect type
Error in /Users/brandonyi/Documents/School/CS179E/instruction_selection/tester/Phase4Tester/./Output/Tests/QuickSort.opt.compiler.out line 411 column 1: "(" is not a recognized operator
Error in /Users/brandonyi/Documents/School/CS179E/instruction_selection/tester/Phase4Tester/./Output/Tests/QuickSort.opt.compiler.out line 416 column 9: "3": operand is of incorrect type
Error in /Users/brandonyi/Documents/School/CS179E/instruction_selection/tester/Phase4Tester/./Output/Tests/QuickSort.opt.compiler.out line 426 column 1: "(" is not a recognized operator
Error in /Users/brandonyi/Documents/School/CS179E/instruction_selection/tester/Phase4Tester/./Output/Tests/QuickSort.opt.compiler.out line 431 column 9: "4": operand is of incorrect type
Error in /Users/brandonyi/Documents/School/CS179E/instruction_selection/tester/Phase4Tester/./Output/Tests/QuickSort.opt.compiler.out line 441 column 1: "(" is not a recognized operator
Error in /Users/brandonyi/Documents/School/CS179E/instruction_selection/tester/Phase4Tester/./Output/Tests/QuickSort.opt.compiler.out line 446 column 9: "5": operand is of incorrect type
Error in /Users/brandonyi/Documents/School/CS179E/instruction_selection/tester/Phase4Tester/./Output/Tests/QuickSort.opt.compiler.out line 456 column 1: "(" is not a recognized operator
Error in /Users/brandonyi/Documents/School/CS179E/instruction_selection/tester/Phase4Tester/./Output/Tests/QuickSort.opt.compiler.out line 461 column 9: "6": operand is of incorrect type
Error in /Users/brandonyi/Documents/School/CS179E/instruction_selection/tester/Phase4Tester/./Output/Tests/QuickSort.opt.compiler.out line 471 column 1: "(" is not a recognized operator
Error in /Users/brandonyi/Documents/School/CS179E/instruction_selection/tester/Phase4Tester/./Output/Tests/QuickSort.opt.compiler.out line 476 column 9: "7": operand is of incorrect type
Error in /Users/brandonyi/Documents/School/CS179E/instruction_selection/tester/Phase4Tester/./Output/Tests/QuickSort.opt.compiler.out line 486 column 1: "(" is not a recognized operator
Error in /Users/brandonyi/Documents/School/CS179E/instruction_selection/tester/Phase4Tester/./Output/Tests/QuickSort.opt.compiler.out line 491 column 9: "8": operand is of incorrect type
Error in /Users/brandonyi/Documents/School/CS179E/instruction_selection/tester/Phase4Tester/./Output/Tests/QuickSort.opt.compiler.out line 501 column 1: "(" is not a recognized operator
Error in /Users/brandonyi/Documents/School/CS179E/instruction_selection/tester/Phase4Tester/./Output/Tests/QuickSort.opt.compiler.out line 506 column 9: "9": operand is of incorrect type
Error in /Users/brandonyi/Documents/School/CS179E/instruction_selection/tester/Phase4Tester/./Output/Tests/QuickSort.opt.compiler.out line 526 column 8: "$t1": operand is of incorrect type

Processing terminated due to errors.
