Error in /Users/brandonyi/Documents/School/CS179E/instruction_selection/tester/Phase4Tester/./Output/Tests/TreeVisitor.opt.compiler.out line 19 column 1: "li": Too many or incorrectly formatted operands. Expected: li $t1,-100

Processing terminated due to errors.
