Error in /Users/brandonyi/Documents/School/CS179E/instruction_selection/tester/Phase4Tester/./Output/Tests/TreeVisitor.compiler.out line 92 column 10: "100000000": operand is of incorrect type
Error in /Users/brandonyi/Documents/School/CS179E/instruction_selection/tester/Phase4Tester/./Output/Tests/TreeVisitor.compiler.out line 165 column 10: "100000000": operand is of incorrect type
Error in /Users/brandonyi/Documents/School/CS179E/instruction_selection/tester/Phase4Tester/./Output/Tests/TreeVisitor.compiler.out line 173 column 10: "50000000": operand is of incorrect type
Error in /Users/brandonyi/Documents/School/CS179E/instruction_selection/tester/Phase4Tester/./Output/Tests/TreeVisitor.compiler.out line 184 column 10: "100000000": operand is of incorrect type
Error in /Users/brandonyi/Documents/School/CS179E/instruction_selection/tester/Phase4Tester/./Output/Tests/TreeVisitor.compiler.out line 455 column 14: "$t1": operand is of incorrect type
Error in /Users/brandonyi/Documents/School/CS179E/instruction_selection/tester/Phase4Tester/./Output/Tests/TreeVisitor.compiler.out line 460 column 14: "$t2": operand is of incorrect type
Error in /Users/brandonyi/Documents/School/CS179E/instruction_selection/tester/Phase4Tester/./Output/Tests/TreeVisitor.compiler.out line 461 column 10: "1": operand is of incorrect type
Error in /Users/brandonyi/Documents/School/CS179E/instruction_selection/tester/Phase4Tester/./Output/Tests/TreeVisitor.compiler.out line 515 column 14: "$t0": operand is of incorrect type
Error in /Users/brandonyi/Documents/School/CS179E/instruction_selection/tester/Phase4Tester/./Output/Tests/TreeVisitor.compiler.out line 645 column 14: "$t0": operand is of incorrect type
Error in /Users/brandonyi/Documents/School/CS179E/instruction_selection/tester/Phase4Tester/./Output/Tests/TreeVisitor.compiler.out line 673 column 14: "$s1": operand is of incorrect type
Error in /Users/brandonyi/Documents/School/CS179E/instruction_selection/tester/Phase4Tester/./Output/Tests/TreeVisitor.compiler.out line 711 column 10: "1": operand is of incorrect type
Error in /Users/brandonyi/Documents/School/CS179E/instruction_selection/tester/Phase4Tester/./Output/Tests/TreeVisitor.compiler.out line 722 column 10: "1": operand is of incorrect type
Error in /Users/brandonyi/Documents/School/CS179E/instruction_selection/tester/Phase4Tester/./Output/Tests/TreeVisitor.compiler.out line 1111 column 14: "$t0": operand is of incorrect type
Error in /Users/brandonyi/Documents/School/CS179E/instruction_selection/tester/Phase4Tester/./Output/Tests/TreeVisitor.compiler.out line 1138 column 14: "$s0": operand is of incorrect type
Error in /Users/brandonyi/Documents/School/CS179E/instruction_selection/tester/Phase4Tester/./Output/Tests/TreeVisitor.compiler.out line 1293 column 10: "333": operand is of incorrect type

Processing terminated due to errors.
